// Jest Snapshot v1, https://goo.gl/fbAQLP

exports[`ViewListPage should match the snapshot for an existing list 1`] = `
<DocumentFragment>
  <section
    class="section"
  >
    <div
      class="container"
    >
      <div
        class="max-w-800 mx-auto"
      >
        <nav
          aria-label="breadcrumbs"
          class="breadcrumb has-arrow-separator mb-4"
        >
          <ul>
            <li>
              <a
                href="/"
              >
                <span
                  class="icon is-small"
                >
                  <i
                    class="fas fa-home"
                  />
                </span>
                <span>
                  Home
                </span>
              </a>
            </li>
            <li>
              <a
                href="/lists"
              >
                Lists
              </a>
            </li>
            <li
              class="is-active"
            >
              <a
                aria-current="page"
                href="/lists/2"
              >
                list name
              </a>
            </li>
          </ul>
        </nav>
        <div
          class="card"
        >
          <div
            class="card-content"
          >
            <div
              class="level is-mobile mb-4"
            >
              <div
                class="level-left"
              >
                <h1
                  class="title is-3 mb-0"
                >
                  <span
                    class="icon mr-2 has-text-primary"
                  >
                    <i
                      class="fas fa-clipboard-list"
                    />
                  </span>
                  list name
                </h1>
              </div>
              <div
                class="level-right"
              >
                <button
                  class="button is-primary"
                  data-testid="edit"
                >
                  <span
                    class="icon"
                  >
                    <i
                      class="fas fa-edit"
                    />
                  </span>
                  <span>
                    Edit
                  </span>
                </button>
              </div>
            </div>
            <div
              class="mb-5"
            >
              <span
                class="tag is-info is-medium"
              >
                <span
                  class="icon is-small"
                >
                  <i
                    class="fas fa-tags"
                  />
                </span>
                <span>
                  category1
                </span>
              </span>
            </div>
            <div
              class="content"
            >
              <h2
                class="title is-5 mb-4"
              >
                <span
                  class="icon mr-2 has-text-grey"
                >
                  <i
                    class="fas fa-list-ul"
                  />
                </span>
                Items (1)
              </h2>
              <div
                class="timeline"
              >
                <article
                  class="media mb-3"
                >
                  <div
                    class="media-left"
                  >
                    <span
                      class="icon is-medium has-text-primary"
                    >
                      <i
                        class="fas fa-circle fa-xs"
                      />
                    </span>
                  </div>
                  <div
                    class="media-content"
                  >
                    <h5
                      class="is-size-5 has-text-weight-semibold"
                    >
                      item title
                    </h5>
                    <pre
                      class="is-size-7 mt-1 has-background-light p-2"
                    >
                      item description
                    </pre>
                  </div>
                  <div
                    class="media-right"
                  >
                    <span
                      class="tag is-light"
                    >
                      #1
                    </span>
                  </div>
                </article>
              </div>
            </div>
            <div
              class="field is-grouped is-grouped-right mt-6"
            >
              <div
                class="control"
              >
                <button
                  class="button is-light"
                  data-testid="cancel"
                  type="button"
                >
                  Back to Lists
                </button>
              </div>
            </div>
          </div>
        </div>
      </div>
    </div>
  </section>
</DocumentFragment>
`;
