// Jest Snapshot v1, https://goo.gl/fbAQLP

exports[`PageSelector should match the snapshot 1`] = `
<DocumentFragment>
  <div
    class="pagination-container"
  >
    <nav
      aria-label="pagination"
      class="pagination"
      role="navigation"
    >
      <button
        class="pagination-previous"
      >
        Previous
      </button>
      <button
        class="pagination-next"
      >
        Next
      </button>
      <ul
        class="pagination-list"
      >
        <li>
          <input
            class="input"
            data-testid="pagenumber-input"
            max="999"
            min="1"
            style="width: 60px; text-align: center;"
            type="number"
            value="5"
          />
        </li>
      </ul>
    </nav>
  </div>
</DocumentFragment>
`;
