// Jest Snapshot v1, https://goo.gl/fbAQLP

exports[`UsersPage should match the snapshot 1`] = `
<DocumentFragment>
  <section
    class="section"
  >
    <div
      class="container"
    >
      <nav
        aria-label="breadcrumbs"
        class="breadcrumb has-arrow-separator mb-4"
      >
        <ul>
          <li>
            <a
              href="/"
            >
              <span
                class="icon is-small"
              >
                <i
                  class="fas fa-home"
                />
              </span>
              <span>
                Home
              </span>
            </a>
          </li>
          <li
            class="is-active"
          >
            <a
              aria-current="page"
              href="/users"
            >
              Users
            </a>
          </li>
        </ul>
      </nav>
      <div
        class="level is-mobile mb-4"
      >
        <div
          class="level-left"
        >
          <h1
            class="title is-3 mb-0"
          >
            Users
          </h1>
        </div>
        <div
          class="level-right"
        >
          <button
            class="button is-primary"
            data-testid="addNew"
          >
            <span
              class="icon"
            >
              <i
                class="fas fa-plus"
              />
            </span>
            <span>
              Add User
            </span>
          </button>
        </div>
      </div>
      <div
        class="table-container"
      >
        <table
          class="table is-fullwidth is-striped is-hoverable"
        >
          <thead>
            <tr>
              <th>
                User
              </th>
              <th
                class="has-text-centered"
              >
                Role
              </th>
              <th
                class="has-text-right"
              >
                Actions
              </th>
            </tr>
          </thead>
          <tbody>
            <tr
              class="is-clickable"
              data-testid="editUser1"
            >
              <td
                class="has-text-weight-semibold"
              >
                user1
              </td>
              <td
                class="has-text-centered"
              >
                <span
                  class="tag is-info is-light"
                >
                  <span
                    class="icon is-small"
                  >
                    <i
                      class="fas fa-shield-alt"
                    />
                  </span>
                  <span>
                    Admin
                  </span>
                </span>
              </td>
              <td
                class="has-text-right"
              >
                <a
                  class="button is-small is-danger is-light"
                  data-testid="deleteUser1"
                  href="/users/1/delete"
                >
                  <span
                    class="icon is-small"
                  >
                    <i
                      class="fas fa-trash"
                    />
                  </span>
                </a>
              </td>
            </tr>
            <tr
              class="is-clickable"
              data-testid="editUser2"
            >
              <td
                class="has-text-weight-semibold"
              >
                user2
              </td>
              <td
                class="has-text-centered"
              >
                <span
                  class="tag is-light"
                >
                  User
                </span>
              </td>
              <td
                class="has-text-right"
              >
                <a
                  class="button is-small is-danger is-light"
                  data-testid="deleteUser2"
                  href="/users/2/delete"
                >
                  <span
                    class="icon is-small"
                  >
                    <i
                      class="fas fa-trash"
                    />
                  </span>
                </a>
              </td>
            </tr>
          </tbody>
        </table>
      </div>
    </div>
  </section>
</DocumentFragment>
`;
