// Jest Snapshot v1, https://goo.gl/fbAQLP

exports[`CategoriesPage should match the snapshot 1`] = `
<DocumentFragment>
  <section
    class="section"
  >
    <div
      class="container"
    >
      <nav
        aria-label="breadcrumbs"
        class="breadcrumb"
      >
        <ul>
          <li>
            <a
              href="/"
            >
              Home
            </a>
          </li>
          <li
            class="is-active"
          >
            <a
              aria-current="page"
              href="/categories"
            >
              Categories
            </a>
          </li>
        </ul>
      </nav>
      <div
        class="level is-mobile mb-4"
      >
        <div
          class="level-left"
        >
          <h1
            class="title is-3 mb-0"
          >
            Categories
          </h1>
        </div>
        <div
          class="level-right"
        >
          <button
            class="button is-primary"
            data-testid="addNew"
          >
            <span
              class="icon"
            >
              <i
                class="fas fa-plus"
              />
            </span>
            <span>
              New Category
            </span>
          </button>
        </div>
      </div>
      <div
        class="table-container"
      >
        <table
          class="table is-fullwidth is-striped is-hoverable"
        >
          <thead>
            <tr>
              <th>
                Name
              </th>
              <th
                class="has-text-right"
              >
                Actions
              </th>
            </tr>
          </thead>
          <tbody>
            <tr
              class="is-clickable"
              data-testid="viewCategory1"
            >
              <td
                class="has-text-weight-semibold"
              >
                category1
              </td>
              <td
                class="has-text-right"
              >
                <a
                  class="button is-small is-danger is-light"
                  data-testid="deleteCategory1"
                  href="/categories/1/delete"
                >
                  <span
                    class="icon is-small"
                  >
                    <i
                      class="fas fa-trash"
                    />
                  </span>
                </a>
              </td>
            </tr>
            <tr
              class="is-clickable"
              data-testid="viewCategory2"
            >
              <td
                class="has-text-weight-semibold"
              >
                category2
              </td>
              <td
                class="has-text-right"
              >
                <a
                  class="button is-small is-danger is-light"
                  data-testid="deleteCategory2"
                  href="/categories/2/delete"
                >
                  <span
                    class="icon is-small"
                  >
                    <i
                      class="fas fa-trash"
                    />
                  </span>
                </a>
              </td>
            </tr>
          </tbody>
        </table>
      </div>
    </div>
  </section>
</DocumentFragment>
`;
