// Jest Snapshot v1, https://goo.gl/fbAQLP

exports[`EditCategoryPage should match the snapshot for an existing category 1`] = `
<DocumentFragment>
  <section
    class="section"
  >
    <div
      class="container"
    >
      <div
        class="max-w-600 mx-auto"
      >
        <nav
          aria-label="breadcrumbs"
          class="breadcrumb"
        >
          <ul>
            <li>
              <a
                href="/"
              >
                Home
              </a>
            </li>
            <li>
              <a
                href="/categories"
              >
                Categories
              </a>
            </li>
            <li
              class="is-active"
            >
              <a
                aria-current="page"
                href="/categories/2"
              >
                category name
              </a>
            </li>
          </ul>
        </nav>
        <h1
          class="title is-3 mb-5"
        >
          Edit category 'category name'
        </h1>
        <div
          class="card is-shadowless"
        >
          <div
            class="card-content"
          >
            <form
              action="#"
            >
              <div
                class="field"
              >
                <label
                  class="label"
                  for="name"
                >
                  Name
                </label>
                <div
                  class="control has-icons-left"
                >
                  <input
                    class="input"
                    data-testid="name"
                    name="name"
                    placeholder="Enter category name"
                    type="text"
                    value="category name"
                  />
                  <span
                    class="icon is-small is-left"
                  >
                    <i
                      class="fas fa-tag"
                    />
                  </span>
                </div>
                <p
                  class="help is-danger"
                  data-testid="nameErrors"
                />
              </div>
              <div
                class="field"
              >
                <label
                  class="label"
                  for="description"
                >
                  Description
                </label>
                <div
                  class="control has-icons-left"
                >
                  <input
                    class="input"
                    data-testid="description"
                    name="description"
                    placeholder="Enter description (optional)"
                    type="text"
                    value="category description"
                  />
                  <span
                    class="icon is-small is-left"
                  >
                    <i
                      class="fas fa-align-left"
                    />
                  </span>
                </div>
                <p
                  class="help is-danger"
                  data-testid="descriptionErrors"
                />
              </div>
              <div
                class="field is-grouped is-grouped-right mt-6"
              >
                <div
                  class="control"
                >
                  <button
                    class="button is-light"
                    data-testid="cancel"
                    type="button"
                  >
                    Cancel
                  </button>
                </div>
                <div
                  class="control"
                >
                  <button
                    class="button is-link"
                    data-testid="submit"
                    type="submit"
                  >
                    <span
                      class="icon"
                    >
                      <i
                        class="fas fa-save"
                      />
                    </span>
                    <span>
                      Save Changes
                    </span>
                  </button>
                </div>
              </div>
            </form>
          </div>
        </div>
      </div>
    </div>
  </section>
</DocumentFragment>
`;
