// Jest Snapshot v1, https://goo.gl/fbAQLP

exports[`PageSizeSelector Should match the snapshot 1`] = `
<DocumentFragment>
  <div
    class="page-size-selector"
  >
    <span
      class="mr-2"
    >
      Items per page:
    </span>
    <div
      class="select is-small"
    >
      <select
        data-testid="pagesize-select"
      >
        <option
          value="5"
        >
          5
        </option>
        <option
          value="10"
        >
          10
        </option>
        <option
          value="20"
        >
          20
        </option>
        <option
          value="50"
        >
          50
        </option>
      </select>
    </div>
  </div>
</DocumentFragment>
`;
